// Jest Snapshot v1, https://goo.gl/fbAQLP

exports[`MetaColumn Renders component correctly 1`] = `
ShallowWrapper {
  "length": 1,
  Symbol(enzyme.__root__): [Circular],
  Symbol(enzyme.__unrendered__): <MetaColumn
    className=""
    sizes={
      Array [
        "sm",
      ]
    }
    values={
      Array [
        "4",
      ]
    }
  >
    1
  </MetaColumn>,
  Symbol(enzyme.__renderer__): Object {
    "batchedUpdates": [Function],
    "getNode": [Function],
    "render": [Function],
    "simulateEvent": [Function],
    "unmount": [Function],
  },
  Symbol(enzyme.__node__): Object {
    "instance": null,
    "key": undefined,
    "nodeType": "host",
    "props": Object {
      "children": "1",
      "className": " col-sm-4",
    },
    "ref": null,
    "rendered": "1",
    "type": "div",
  },
  Symbol(enzyme.__nodes__): Array [
    Object {
      "instance": null,
      "key": undefined,
      "nodeType": "host",
      "props": Object {
        "children": "1",
        "className": " col-sm-4",
      },
      "ref": null,
      "rendered": "1",
      "type": "div",
    },
  ],
  Symbol(enzyme.__options__): Object {
    "adapter": ReactFifteenAdapter {
      "options": Object {
        "supportPrevContextArgumentOfComponentDidUpdate": true,
      },
    },
  },
}
`;
